src/components/Dashboard.tsx(196,1): error TS1160: Unterminated template literal.
